<html>
<body>
<pre>
<h1>µVision Build Log</h1>
<h2>Tool Versions:</h2>
IDE-Version: ¦ÌVision V5.16.0.0
Copyright (C) 2015 ARM Ltd and ARM Germany GmbH. All rights reserved.
License Information: juma Microsoft, Microsoft, LIC=D0DAR-K58LI-30INC-7RXI2-LV2YB-P31EC
 
Tool Versions:
Toolchain:       MDK-ARM Standard  Version: 5.16.0.0
Toolchain Path:  C:\Keil_v5\ARM\ARMCC\Bin
C Compiler:      Armcc.exe V5.06 (build 20)
Assembler:       Armasm.exe V5.06 (build 20)
Linker/Locator:  ArmLink.exe V5.06 (build 20)
Library Manager: ArmAr.exe V5.06 (build 20)
Hex Converter:   FromElf.exe V5.06 (build 20)
CPU DLL:         SARMCM3.DLL V5.16.0.0
Dialog DLL:      DCM.DLL V1.13.2.0
Target DLL:      Segger\JL2CM3.dll V2.99.15.2
Dialog DLL:      TCM.DLL V1.14.5.0
 
<h2>Project:</h2>
D:\Work\CODE\ST\ST_GitHub\ST\HTSample\Embedded\CANNON IOT DEMO\STM32CubeExpansion_MEMS1_V1.3.0\Projects\Multi\Examples\FreeFallDetection\MDK-ARM\STM32F401RE-Nucleo\Project.uvprojx
Project File Date:  11/25/2015

<h2>Output:</h2>
*** Using Compiler 'V5.06 (build 20)', folder: 'C:\Keil_v5\ARM\ARMCC\Bin'
Build target 'STM32F401XX-NUCLEO'
compiling cube_hal_f4.c...
compiling stm32f4xx_it.c...
compiling main.c...
..\..\Src\main.c(106): warning:  #167-D: argument of type "const char *" is incompatible with parameter of type "char *"
  	ble_start_adv(name, AdvAddress, TxPowerLevel, AdvInterval);
..\..\Src\main.c(72): warning:  #177-D: variable "free_fall_detected" was declared but never referenced
  static int free_fall_detected = 0;
..\..\Src\main.c(74): warning:  #177-D: variable "delay_time" was declared but never referenced
  static uint32_t delay_time;
..\..\Src\main.c: 3 warnings, 0 errors
compiling bluenrg_gap_aci.c...
"no source": Error:  #5: cannot open source input file "..\..\..\..\..\..\Middlewares\ST\STM32_BlueNRG\SimpleBlueNRG_HCI\hci\controller\bluenrg_gap_aci.c": No such file or directory
..\..\..\..\..\..\Middlewares\ST\STM32_BlueNRG\SimpleBlueNRG_HCI\hci\controller\bluenrg_gap_aci.c: 0 warnings, 1 error
compiling bluenrg_gatt_aci.c...
"no source": Error:  #5: cannot open source input file "..\..\..\..\..\..\Middlewares\ST\STM32_BlueNRG\SimpleBlueNRG_HCI\hci\controller\bluenrg_gatt_aci.c": No such file or directory
..\..\..\..\..\..\Middlewares\ST\STM32_BlueNRG\SimpleBlueNRG_HCI\hci\controller\bluenrg_gatt_aci.c: 0 warnings, 1 error
compiling bluenrg_hal_aci.c...
"no source": Error:  #5: cannot open source input file "..\..\..\..\..\..\Middlewares\ST\STM32_BlueNRG\SimpleBlueNRG_HCI\hci\controller\bluenrg_hal_aci.c": No such file or directory
..\..\..\..\..\..\Middlewares\ST\STM32_BlueNRG\SimpleBlueNRG_HCI\hci\controller\bluenrg_hal_aci.c: 0 warnings, 1 error
compiling bluenrg_l2cap_aci.c...
"no source": Error:  #5: cannot open source input file "..\..\..\..\..\..\Middlewares\ST\STM32_BlueNRG\SimpleBlueNRG_HCI\hci\controller\bluenrg_l2cap_aci.c": No such file or directory
..\..\..\..\..\..\Middlewares\ST\STM32_BlueNRG\SimpleBlueNRG_HCI\hci\controller\bluenrg_l2cap_aci.c: 0 warnings, 1 error
compiling gp_timer.c...
compiling clock.c...
compiling list.c...
compiling osal.c...
compiling bluenrg_itf_template.c...
compiling bluenrg_sdk_api.c...
..\..\..\BleInterface\Src\bluenrg_sdk_api.c(79): warning:  #940-D: missing return statement at end of non-void function "ble_init_bluenrg"
  }
..\..\..\BleInterface\Src\bluenrg_sdk_api.c(35): warning:  #177-D: variable "SERVER_BDADDR" was declared but never referenced
    uint8_t SERVER_BDADDR[] = {0x04, 0x34, 0x00, 0xE1, 0x80, 0x02};
..\..\..\BleInterface\Src\bluenrg_sdk_api.c(39): warning:  #177-D: variable "bdaddr" was declared but never referenced
  	uint8_t bdaddr[BDADDR_SIZE];
..\..\..\BleInterface\Src\bluenrg_sdk_api.c(153): warning:  #167-D: argument of type "const uint8_t *" is incompatible with parameter of type "void *__restrict__"
  		memcpy(AdvName,new_device_name,AdvNameLen);
..\..\..\BleInterface\Src\bluenrg_sdk_api.c(156): warning:  #940-D: missing return statement at end of non-void function "ble_device_set_name"
  }
..\..\..\BleInterface\Src\bluenrg_sdk_api.c(151): warning:  #177-D: variable "ret" was declared but never referenced
  	 tBleStatus ret; 
..\..\..\BleInterface\Src\bluenrg_sdk_api.c(173): warning:  #940-D: missing return statement at end of non-void function "Advertise_Address"
  }
..\..\..\BleInterface\Src\bluenrg_sdk_api.c(193): warning:  #167-D: argument of type "const uint8_t *" is incompatible with parameter of type "uint8_t *"
                                     AdvNameLen+1, LocalName, uuid_length, serviceUUIDList, 0, 0);//// start advertising
..\..\..\BleInterface\Src\bluenrg_sdk_api.c(227): warning:  #940-D: missing return statement at end of non-void function "ble_device_send"
  }
..\..\..\BleInterface\Src\bluenrg_sdk_api.c: 9 warnings, 0 errors
compiling hci.c...
compiling hts221.c...
compiling lis3mdl.c...
compiling bluenrg_interface.c...
compiling lps25h.c...
compiling lps25hb.c...
compiling lsm6ds3.c...
compiling lsm6ds0.c...
compiling demo_echo.c...
..\..\..\BleInterface\Src\demo_echo.c(39): warning:  #177-D: variable "ret" was declared but never referenced
  		tBleStatus ret = BLE_WAIT_REMOTE_ENABLE_NOTIFY;
..\..\..\BleInterface\Src\demo_echo.c: 1 warning, 0 errors
compiling lsm6ds3_SPI2.c...
..\..\..\..\..\..\Drivers\BSP\Components\lsm6ds3\lsm6ds3_SPI2.c(178): warning:  #940-D: missing return statement at end of non-void function "_LSM6DS3_SPIx_IO_WriteByte"
  }
..\..\..\..\..\..\Drivers\BSP\Components\lsm6ds3\lsm6ds3_SPI2.c(201): warning:  #1-D: last line of file ends without a newline
  }
..\..\..\..\..\..\Drivers\BSP\Components\lsm6ds3\lsm6ds3_SPI2.c: 2 warnings, 0 errors
compiling stm32_bluenrg_ble.c...
compiling stm32f4xx_nucleo.c...
compiling x_nucleo_iks01a1_hum_temp.c...
compiling x_nucleo_iks01a1.c...
compiling x_nucleo_iks01a1_pressure.c...
compiling x_nucleo_iks01a1_magneto.c...
compiling x_nucleo_iks01a1_imu_6axes.c...
compiling system_stm32f4xx.c...
compiling stm32f4xx_hal.c...
compiling stm32f4xx_hal_adc.c...
compiling stm32f4xx_hal_adc_ex.c...
compiling stm32f4xx_hal_cortex.c...
compiling stm32f4xx_hal_dma_ex.c...
compiling stm32f4xx_hal_flash.c...
compiling stm32f4xx_hal_dma.c...
compiling stm32f4xx_hal_flash_ex.c...
compiling stm32f4xx_hal_gpio.c...
compiling stm32f4xx_hal_i2c_ex.c...
compiling stm32f4xx_hal_i2c.c...
compiling stm32f4xx_hal_rcc_ex.c...
compiling stm32f4xx_hal_rcc.c...
compiling stm32f4xx_hal_rtc.c...
compiling stm32f4xx_hal_rtc_ex.c...
compiling stm32f4xx_hal_spi.c...
compiling stm32f4xx_hal_uart.c...
assembling startup_stm32f401xe.s...
compiling stm32f4xx_hal_tim_ex.c...
compiling stm32f4xx_hal_tim.c...
linking...
Program Size: Code=22948 RO-data=612 RW-data=232 ZI-data=2560  
FromELF: creating hex file...
After Build - User command #1: C:\Keil_v5\\ARM\ARMCC\bin\fromelf.exe --bin --output=Project.bin STM32F4xx-Nucleo\Project.axf
"STM32F4xx-Nucleo\Project.axf" - 0 Error(s), 15 Warning(s).

<h2>Software Packages used:</h2>

Package Vendor: ARM
                http://www.keil.com/pack/ARM.CMSIS.4.3.0.pack
                ARM::CMSIS:CORE:4.1.0
                CMSIS (Cortex Microcontroller Software Interface Standard)
   * Component: CORE Version: 4.1.0

<h2>Collection of Component include folders:</h2>
  D:\Work\CODE\ST\ST_GitHub\ST\HTSample\Embedded\CANNON IOT DEMO\STM32CubeExpansion_MEMS1_V1.3.0\Projects\Multi\Examples\FreeFallDetection\MDK-ARM\STM32F401RE-Nucleo\RTE
  C:\Keil_v5\ARM\PACK\ARM\CMSIS\4.3.0\CMSIS\Include
  C:\Keil_v5\ARM\PACK\Keil\STM32F4xx_DFP\2.3.0\Drivers\CMSIS\Device\ST\STM32F4xx\Include

<h2>Collection of Component Files used:</h2>

   * Component: ARM::CMSIS:CORE:4.1.0
Build Time Elapsed:  00:00:15
</pre>
</body>
</html>
